// Jest Snapshot v1, https://goo.gl/fbAQLP

exports[`TartanImage renders correctly 1`] = `
Object {
  "asFragment": [Function],
  "baseElement": <body>
    <div>
      <svg
        data-testid="tartanImage"
        height="1000"
        id="testId"
        style="background-color: red;"
        width="1000"
        xmlns="http://www.w3.org/2000/svg"
      >
        <defs>
          <mask
            height="1"
            id="threadHatchingMask"
            width="1"
            x="0"
            y="0"
          >
            <rect
              fill="url(#threadHatching)"
              height="100%"
              width="100%"
              x="0"
              y="0"
            />
          </mask>
          <pattern
            height="18.51851851851852"
            id="threadHatching"
            patternUnits="userSpaceOnUse"
            width="18.51851851851852"
            x="0"
            y="0"
          >
            <rect
              fill="white"
              height="9.25925925925926"
              width="4.62962962962963"
              x="0"
              y="-4.62962962962963"
            />
            <rect
              fill="white"
              height="9.25925925925926"
              width="4.62962962962963"
              x="0"
              y="13.88888888888889"
            />
            <rect
              fill="white"
              height="9.25925925925926"
              width="4.62962962962963"
              x="4.62962962962963"
              y="0"
            />
            <rect
              fill="white"
              height="9.25925925925926"
              width="4.62962962962963"
              x="9.25925925925926"
              y="4.62962962962963"
            />
            <rect
              fill="white"
              height="9.25925925925926"
              width="4.62962962962963"
              x="13.88888888888889"
              y="9.25925925925926"
            />
          </pattern>
          <pattern
            data-testid="testSett"
            height="1000"
            id="sett"
            patternUnits="userSpaceOnUse"
            width="1000"
            x="0"
            y="0"
          >
            <g
              id="weft"
            >
              <rect
                fill="#006818"
                height="518.5185185185185"
                width="100%"
                x="0"
                y="0"
              />
              <rect
                fill="#FCFCFC"
                height="111.11111111111111"
                width="100%"
                x="0"
                y="518.5185185185185"
              />
              <rect
                fill="#202060"
                height="259.25925925925924"
                width="100%"
                x="0"
                y="629.6296296296296"
              />
              <rect
                fill="#FCFCFC"
                height="111.11111111111111"
                width="100%"
                x="0"
                y="888.8888888888888"
              />
            </g>
            <g
              id="warp"
              mask="url(#threadHatchingMask)"
            >
              <rect
                fill="#006818"
                height="100%"
                width="518.5185185185185"
                x="0"
                y="0"
              />
              <rect
                fill="#FCFCFC"
                height="100%"
                width="111.11111111111111"
                x="518.5185185185185"
                y="0"
              />
              <rect
                fill="#202060"
                height="100%"
                width="259.25925925925924"
                x="629.6296296296296"
                y="0"
              />
              <rect
                fill="#FCFCFC"
                height="100%"
                width="111.11111111111111"
                x="888.8888888888888"
                y="0"
              />
            </g>
          </pattern>
        </defs>
        <rect
          data-testid="tartanRect"
          fill="url(#sett)"
          filter=""
          height="100%"
          width="100%"
          x="0"
          y="0"
        />
      </svg>
    </div>
  </body>,
  "container": <div>
    <svg
      data-testid="tartanImage"
      height="1000"
      id="testId"
      style="background-color: red;"
      width="1000"
      xmlns="http://www.w3.org/2000/svg"
    >
      <defs>
        <mask
          height="1"
          id="threadHatchingMask"
          width="1"
          x="0"
          y="0"
        >
          <rect
            fill="url(#threadHatching)"
            height="100%"
            width="100%"
            x="0"
            y="0"
          />
        </mask>
        <pattern
          height="18.51851851851852"
          id="threadHatching"
          patternUnits="userSpaceOnUse"
          width="18.51851851851852"
          x="0"
          y="0"
        >
          <rect
            fill="white"
            height="9.25925925925926"
            width="4.62962962962963"
            x="0"
            y="-4.62962962962963"
          />
          <rect
            fill="white"
            height="9.25925925925926"
            width="4.62962962962963"
            x="0"
            y="13.88888888888889"
          />
          <rect
            fill="white"
            height="9.25925925925926"
            width="4.62962962962963"
            x="4.62962962962963"
            y="0"
          />
          <rect
            fill="white"
            height="9.25925925925926"
            width="4.62962962962963"
            x="9.25925925925926"
            y="4.62962962962963"
          />
          <rect
            fill="white"
            height="9.25925925925926"
            width="4.62962962962963"
            x="13.88888888888889"
            y="9.25925925925926"
          />
        </pattern>
        <pattern
          data-testid="testSett"
          height="1000"
          id="sett"
          patternUnits="userSpaceOnUse"
          width="1000"
          x="0"
          y="0"
        >
          <g
            id="weft"
          >
            <rect
              fill="#006818"
              height="518.5185185185185"
              width="100%"
              x="0"
              y="0"
            />
            <rect
              fill="#FCFCFC"
              height="111.11111111111111"
              width="100%"
              x="0"
              y="518.5185185185185"
            />
            <rect
              fill="#202060"
              height="259.25925925925924"
              width="100%"
              x="0"
              y="629.6296296296296"
            />
            <rect
              fill="#FCFCFC"
              height="111.11111111111111"
              width="100%"
              x="0"
              y="888.8888888888888"
            />
          </g>
          <g
            id="warp"
            mask="url(#threadHatchingMask)"
          >
            <rect
              fill="#006818"
              height="100%"
              width="518.5185185185185"
              x="0"
              y="0"
            />
            <rect
              fill="#FCFCFC"
              height="100%"
              width="111.11111111111111"
              x="518.5185185185185"
              y="0"
            />
            <rect
              fill="#202060"
              height="100%"
              width="259.25925925925924"
              x="629.6296296296296"
              y="0"
            />
            <rect
              fill="#FCFCFC"
              height="100%"
              width="111.11111111111111"
              x="888.8888888888888"
              y="0"
            />
          </g>
        </pattern>
      </defs>
      <rect
        data-testid="tartanRect"
        fill="url(#sett)"
        filter=""
        height="100%"
        width="100%"
        x="0"
        y="0"
      />
    </svg>
  </div>,
  "debug": [Function],
  "findAllByAltText": [Function],
  "findAllByDisplayValue": [Function],
  "findAllByLabelText": [Function],
  "findAllByPlaceholderText": [Function],
  "findAllByRole": [Function],
  "findAllByTestId": [Function],
  "findAllByText": [Function],
  "findAllByTitle": [Function],
  "findByAltText": [Function],
  "findByDisplayValue": [Function],
  "findByLabelText": [Function],
  "findByPlaceholderText": [Function],
  "findByRole": [Function],
  "findByTestId": [Function],
  "findByText": [Function],
  "findByTitle": [Function],
  "getAllByAltText": [Function],
  "getAllByDisplayValue": [Function],
  "getAllByLabelText": [Function],
  "getAllByPlaceholderText": [Function],
  "getAllByRole": [Function],
  "getAllByTestId": [Function],
  "getAllByText": [Function],
  "getAllByTitle": [Function],
  "getByAltText": [Function],
  "getByDisplayValue": [Function],
  "getByLabelText": [Function],
  "getByPlaceholderText": [Function],
  "getByRole": [Function],
  "getByTestId": [Function],
  "getByText": [Function],
  "getByTitle": [Function],
  "queryAllByAltText": [Function],
  "queryAllByDisplayValue": [Function],
  "queryAllByLabelText": [Function],
  "queryAllByPlaceholderText": [Function],
  "queryAllByRole": [Function],
  "queryAllByTestId": [Function],
  "queryAllByText": [Function],
  "queryAllByTitle": [Function],
  "queryByAltText": [Function],
  "queryByDisplayValue": [Function],
  "queryByLabelText": [Function],
  "queryByPlaceholderText": [Function],
  "queryByRole": [Function],
  "queryByTestId": [Function],
  "queryByText": [Function],
  "queryByTitle": [Function],
  "rerender": [Function],
  "store": Object {
    "@@observable": [Function],
    "dispatch": [Function],
    "getState": [Function],
    "replaceReducer": [Function],
    "subscribe": [Function],
  },
  "unmount": [Function],
}
`;

exports[`renders correctly 1`] = `
Object {
  "asFragment": [Function],
  "baseElement": <body>
    <div>
      <svg
        data-testid="tartanImage"
        height="1000"
        id="testId"
        style="background-color: red;"
        width="1000"
        xmlns="http://www.w3.org/2000/svg"
      >
        <defs>
          <mask
            height="1"
            id="threadHatchingMask"
            width="1"
            x="0"
            y="0"
          >
            <rect
              fill="url(#threadHatching)"
              height="100%"
              width="100%"
              x="0"
              y="0"
            />
          </mask>
          <pattern
            height="18.51851851851852"
            id="threadHatching"
            patternUnits="userSpaceOnUse"
            width="18.51851851851852"
            x="0"
            y="0"
          >
            <rect
              fill="white"
              height="9.25925925925926"
              width="4.62962962962963"
              x="0"
              y="-4.62962962962963"
            />
            <rect
              fill="white"
              height="9.25925925925926"
              width="4.62962962962963"
              x="0"
              y="13.88888888888889"
            />
            <rect
              fill="white"
              height="9.25925925925926"
              width="4.62962962962963"
              x="4.62962962962963"
              y="0"
            />
            <rect
              fill="white"
              height="9.25925925925926"
              width="4.62962962962963"
              x="9.25925925925926"
              y="4.62962962962963"
            />
            <rect
              fill="white"
              height="9.25925925925926"
              width="4.62962962962963"
              x="13.88888888888889"
              y="9.25925925925926"
            />
          </pattern>
          <pattern
            data-testid="testSett"
            height="1000"
            id="sett"
            patternUnits="userSpaceOnUse"
            width="1000"
            x="0"
            y="0"
          >
            <g
              id="weft"
            >
              <rect
                fill="#006818"
                height="518.5185185185185"
                width="100%"
                x="0"
                y="0"
              />
              <rect
                fill="#FCFCFC"
                height="111.11111111111111"
                width="100%"
                x="0"
                y="518.5185185185185"
              />
              <rect
                fill="#202060"
                height="259.25925925925924"
                width="100%"
                x="0"
                y="629.6296296296296"
              />
              <rect
                fill="#FCFCFC"
                height="111.11111111111111"
                width="100%"
                x="0"
                y="888.8888888888888"
              />
            </g>
            <g
              id="warp"
              mask="url(#threadHatchingMask)"
            >
              <rect
                fill="#006818"
                height="100%"
                width="518.5185185185185"
                x="0"
                y="0"
              />
              <rect
                fill="#FCFCFC"
                height="100%"
                width="111.11111111111111"
                x="518.5185185185185"
                y="0"
              />
              <rect
                fill="#202060"
                height="100%"
                width="259.25925925925924"
                x="629.6296296296296"
                y="0"
              />
              <rect
                fill="#FCFCFC"
                height="100%"
                width="111.11111111111111"
                x="888.8888888888888"
                y="0"
              />
            </g>
          </pattern>
        </defs>
        <rect
          data-testid="tartanRect"
          fill="url(#sett)"
          filter=""
          height="100%"
          width="100%"
          x="0"
          y="0"
        />
      </svg>
    </div>
  </body>,
  "container": <div>
    <svg
      data-testid="tartanImage"
      height="1000"
      id="testId"
      style="background-color: red;"
      width="1000"
      xmlns="http://www.w3.org/2000/svg"
    >
      <defs>
        <mask
          height="1"
          id="threadHatchingMask"
          width="1"
          x="0"
          y="0"
        >
          <rect
            fill="url(#threadHatching)"
            height="100%"
            width="100%"
            x="0"
            y="0"
          />
        </mask>
        <pattern
          height="18.51851851851852"
          id="threadHatching"
          patternUnits="userSpaceOnUse"
          width="18.51851851851852"
          x="0"
          y="0"
        >
          <rect
            fill="white"
            height="9.25925925925926"
            width="4.62962962962963"
            x="0"
            y="-4.62962962962963"
          />
          <rect
            fill="white"
            height="9.25925925925926"
            width="4.62962962962963"
            x="0"
            y="13.88888888888889"
          />
          <rect
            fill="white"
            height="9.25925925925926"
            width="4.62962962962963"
            x="4.62962962962963"
            y="0"
          />
          <rect
            fill="white"
            height="9.25925925925926"
            width="4.62962962962963"
            x="9.25925925925926"
            y="4.62962962962963"
          />
          <rect
            fill="white"
            height="9.25925925925926"
            width="4.62962962962963"
            x="13.88888888888889"
            y="9.25925925925926"
          />
        </pattern>
        <pattern
          data-testid="testSett"
          height="1000"
          id="sett"
          patternUnits="userSpaceOnUse"
          width="1000"
          x="0"
          y="0"
        >
          <g
            id="weft"
          >
            <rect
              fill="#006818"
              height="518.5185185185185"
              width="100%"
              x="0"
              y="0"
            />
            <rect
              fill="#FCFCFC"
              height="111.11111111111111"
              width="100%"
              x="0"
              y="518.5185185185185"
            />
            <rect
              fill="#202060"
              height="259.25925925925924"
              width="100%"
              x="0"
              y="629.6296296296296"
            />
            <rect
              fill="#FCFCFC"
              height="111.11111111111111"
              width="100%"
              x="0"
              y="888.8888888888888"
            />
          </g>
          <g
            id="warp"
            mask="url(#threadHatchingMask)"
          >
            <rect
              fill="#006818"
              height="100%"
              width="518.5185185185185"
              x="0"
              y="0"
            />
            <rect
              fill="#FCFCFC"
              height="100%"
              width="111.11111111111111"
              x="518.5185185185185"
              y="0"
            />
            <rect
              fill="#202060"
              height="100%"
              width="259.25925925925924"
              x="629.6296296296296"
              y="0"
            />
            <rect
              fill="#FCFCFC"
              height="100%"
              width="111.11111111111111"
              x="888.8888888888888"
              y="0"
            />
          </g>
        </pattern>
      </defs>
      <rect
        data-testid="tartanRect"
        fill="url(#sett)"
        filter=""
        height="100%"
        width="100%"
        x="0"
        y="0"
      />
    </svg>
  </div>,
  "debug": [Function],
  "findAllByAltText": [Function],
  "findAllByDisplayValue": [Function],
  "findAllByLabelText": [Function],
  "findAllByPlaceholderText": [Function],
  "findAllByRole": [Function],
  "findAllByTestId": [Function],
  "findAllByText": [Function],
  "findAllByTitle": [Function],
  "findByAltText": [Function],
  "findByDisplayValue": [Function],
  "findByLabelText": [Function],
  "findByPlaceholderText": [Function],
  "findByRole": [Function],
  "findByTestId": [Function],
  "findByText": [Function],
  "findByTitle": [Function],
  "getAllByAltText": [Function],
  "getAllByDisplayValue": [Function],
  "getAllByLabelText": [Function],
  "getAllByPlaceholderText": [Function],
  "getAllByRole": [Function],
  "getAllByTestId": [Function],
  "getAllByText": [Function],
  "getAllByTitle": [Function],
  "getByAltText": [Function],
  "getByDisplayValue": [Function],
  "getByLabelText": [Function],
  "getByPlaceholderText": [Function],
  "getByRole": [Function],
  "getByTestId": [Function],
  "getByText": [Function],
  "getByTitle": [Function],
  "queryAllByAltText": [Function],
  "queryAllByDisplayValue": [Function],
  "queryAllByLabelText": [Function],
  "queryAllByPlaceholderText": [Function],
  "queryAllByRole": [Function],
  "queryAllByTestId": [Function],
  "queryAllByText": [Function],
  "queryAllByTitle": [Function],
  "queryByAltText": [Function],
  "queryByDisplayValue": [Function],
  "queryByLabelText": [Function],
  "queryByPlaceholderText": [Function],
  "queryByRole": [Function],
  "queryByTestId": [Function],
  "queryByText": [Function],
  "queryByTitle": [Function],
  "rerender": [Function],
  "store": Object {
    "@@observable": [Function],
    "dispatch": [Function],
    "getState": [Function],
    "replaceReducer": [Function],
    "subscribe": [Function],
  },
  "unmount": [Function],
}
`;
